---
source: src/widgets/summary.rs
assertion_line: 103
expression: "render_summary(\"00:12\", 80)"
---
                                        
    ┌ summary ─────────────────────┐    
    │         Run complete!        │    
    │                              │    
    │       Time:      00:12       │    
    │       Accuracy:    80%       │    
    │                              │    
    │ Tab to restart   Esc to quit │    
    └──────────────────────────────┘
