---
source: src/view.rs
assertion_line: 200
expression: "render_frame(&mut app, 40, 10)"
---
──┬─────────────────────────────────────
  │ File: hello.rs                      
──┼─────────────────────────────────────
1 │ fnXmain() {                         
2 │     println!("hi");                 
3 │ }                                   
  │                                     
──┼─────────────────────────────────────
  │ 00:00  67%  Page: 1/1               
──┴─────────────────────────────────────
