---
source: src/view.rs
assertion_line: 226
expression: "render_frame(&mut app, 40, 10)"
---
──┬─────────────────────────────────────
  │ File: hello.rs                      
──┼─────────────────────────────────────
1 │ ⏎n main() {                         
2 │     println!("hi");                 
3 │ }                                   
  │                                     
──┼─────────────────────────────────────
  │ 00:00  0%  Page: 1/1                
──┴─────────────────────────────────────
